<?xml version="1.0" encoding="UTF-8"?>
<cib admin_epoch="0" epoch="1" num_updates="1" dc-uuid="0" have-quorum="false" remote-tls-port="0" validate-with="pacemaker-1.0">
  <configuration>
    <crm_config><cluster_property_set id="cib-bootstrap-options"><nvpair id="nvpair" name="no-quorum-policy" value="ignore"/></cluster_property_set></crm_config>
    <nodes>
      <node id="uuid1" uname="node1" type="member"/>
    </nodes>
    <resources>
      <group id="group1"><meta_attributes id="group-group1.meta"><nvpair id="nvpair" name="target-role" value="started"/></meta_attributes>
        <instance_attributes id="instance_attributes"><nvpair id="nvpair" name="target_role" value="started"/></instance_attributes>
	<primitive id="rsc1" class="heartbeat" type="apache"><meta_attributes id="primitive-rsc1.meta"><nvpair id="nvpair" name="target-role" value="started"/></meta_attributes>
         <instance_attributes id="instance_attributes"><nvpair id="nvpair" name="target_role" value="started"/></instance_attributes>
	</primitive>
	<primitive id="rsc2" class="heartbeat" type="apache"><meta_attributes id="primitive-rsc2.meta"><nvpair id="nvpair" name="target-role" value="Stopped"/></meta_attributes>
         <instance_attributes id="instance_attributes"><nvpair id="nvpair" name="target_role" value="Stopped"/></instance_attributes>
	</primitive>
	<primitive id="rsc3" class="heartbeat" type="apache"><meta_attributes id="primitive-rsc3.meta"/></primitive>
      </group>
    </resources>
    <constraints/>
  </configuration>
  <status>
    <node_state id="uuid1" ha="active" uname="node1" crmd="online" join="member" expected="member" in_ccm="true">
      <lrm id="any">
        <lrm_resources id="lrm_resources">
          <lrm_resource id="rsc1" class="heartbeat" type="apache">
            <lrm_rsc_op id="rsc1_start_0" operation="start" interval="0" op-status="0" rc-code="0" call-id="1" op-digest="08b7001b97ccdaa1ca23a9f165256bc1" crm_feature_set="1.0.5" transition-magic=""/>
          </lrm_resource>
          <lrm_resource id="rsc2" class="heartbeat" type="apache">
            <lrm_rsc_op id="rsc2_start_0" operation="start" interval="0" op-status="0" rc-code="0" call-id="1" op-digest="b143f941836b24bd4b8929ebbf445df6" crm_feature_set="1.0.5" transition-magic=""/>
          </lrm_resource>
          <lrm_resource id="rsc3" class="heartbeat" type="apache">
            <lrm_rsc_op id="rsc3_start_0" operation="start" interval="0" op-status="0" rc-code="0" call-id="1" op-digest="f2317cad3d54cec5d7d7aa7d0bf35cf8" crm_feature_set="1.0.5" transition-magic=""/>
          </lrm_resource>
        </lrm_resources>
      </lrm>
    </node_state>
  </status>
</cib>
