<?xml version="1.0" encoding="UTF-8"?>
<cib admin_epoch="0" epoch="1" num_updates="1" dc-uuid="0" have-quorum="false" remote-tls-port="0" validate-with="pacemaker-1.0">
  <configuration>
    <crm_config><cluster_property_set id="cib-bootstrap-options"><nvpair id="nvpair" name="no-quorum-policy" value="ignore"/></cluster_property_set></crm_config>
    <nodes>
      <node id="uuid1" uname="node1" type="member"/>
      <node id="uuid2" uname="node2" type="member"/>
      <node id="uuid3" uname="node3" type="member"/>
    </nodes>
    <resources>
      <primitive id="rsc0" class="heartbeat" type="apache"><meta_attributes id="primitive-rsc0.meta"/></primitive>
      <clone id="rsc1"><meta_attributes id="clone-rsc1.meta"><nvpair id="interleave.meta.auto-25" name="interleave" value="1"/><nvpair id="nvpair" name="resource-stickiness" value="1"/><nvpair id="nvpair" name="clone-max" value="5"/><nvpair id="nvpair" name="clone-node-max" value="2"/></meta_attributes><primitive id="child_rsc1" class="heartbeat" type="apache"><meta_attributes id="primitive-child_rsc1.meta"/></primitive></clone>
      <clone id="rsc2"><meta_attributes id="clone-rsc2.meta"><nvpair id="interleave.meta.auto-42" name="interleave" value="1"/><nvpair id="nvpair" name="resource-stickiness" value="1"/><nvpair id="nvpair" name="clone-max" value="5"/><nvpair id="nvpair" name="clone-node-max" value="2"/></meta_attributes><primitive id="child_rsc2" class="heartbeat" type="apache"><meta_attributes id="primitive-child_rsc2.meta"/></primitive></clone>
    </resources>
    <constraints>
      <rsc_order id="order1" first="rsc1" then="rsc2" score="0"/>
      <rsc_colocation id="coloc1" rsc="rsc1" with-rsc="rsc2" score="INFINITY"/>
    </constraints>
  </configuration>
  <status>
    <node_state id="uuid1" ha="active" uname="node1" crmd="online" join="member" expected="member" in_ccm="true">
      <transient_attributes id="transient_attributes">
        <instance_attributes id="instance_attributes"><nvpair id="nvpair" name="probe_complete" value="true"/></instance_attributes>
      </transient_attributes>
    </node_state>
    <node_state id="uuid2" ha="active" uname="node2" crmd="online" join="member" expected="member" in_ccm="true">
      <transient_attributes id="transient_attributes">
        <instance_attributes id="instance_attributes"><nvpair id="nvpair" name="probe_complete" value="true"/></instance_attributes>
      </transient_attributes>
    </node_state>
    <node_state id="uuid3" ha="active" uname="node3" crmd="online" join="member" expected="member" in_ccm="true">
      <transient_attributes id="transient_attributes">
        <instance_attributes id="instance_attributes"><nvpair id="nvpair" name="probe_complete" value="true"/></instance_attributes>
      </transient_attributes>
    </node_state>
  </status>
</cib>
