<?xml version="1.0" encoding="UTF-8"?>
<cib admin_epoch="0" epoch="1" num_updates="1" dc-uuid="0" have-quorum="false" remote-tls-port="0" validate-with="pacemaker-1.0">
  <configuration>
    <crm_config><cluster_property_set id="cib-bootstrap-options"><nvpair id="nvpair" name="no-quorum-policy" value="ignore"/><nvpair id="nvpair" name="symmetric-cluster" value="true"/><nvpair id="nvpair" name="default-resource-stickiness" value="100"/></cluster_property_set></crm_config>
    <nodes>
      <node id="node1" uname="node1" type="member">
         <instance_attributes id="instance_attributes"><nvpair name="standby" id="nvpair" value="on"/></instance_attributes>
      </node>
      <node id="node2" uname="node2" type="member"/>
    </nodes>
    <resources>
      <primitive id="rsc3" class="heartbeat" type="apache"><meta_attributes id="primitive-rsc3.meta"><nvpair id="nvpair" name="allow-migrate" value="on"/></meta_attributes>
         <instance_attributes id="instance_attributes"><nvpair name="allow_migrate" id="nvpair" value="on"/></instance_attributes>
      </primitive>
    </resources>
    <constraints>
    </constraints>
  </configuration>
  <status>
    <node_state id="node1" ha="active" uname="node1" crmd="online" join="member" expected="member" in_ccm="true">
      <lrm id="node1">
        <lrm_resources id="lrm_resources">
          <lrm_resource id="rsc3" class="heartbeat" type="apache">
            <lrm_rsc_op id="rsc3_start_0" operation="start" interval="0" op-status="0" rc-code="0" call-id="1" op-digest="a4ee04201fa9196ee5ef9928c48f35eb" crm_feature_set="1.0.6" transition-magic=""/>
            <lrm_rsc_op id="rsc3_monitor_0" operation="monitor" interval="0" op-status="4" rc-code="1" call-id="2" op-digest="f2317cad3d54cec5d7d7aa7d0bf35cf8" crm_feature_set="1.0.6" transition-magic=""/>
          </lrm_resource>
        </lrm_resources>
      </lrm>
    </node_state>
    <node_state id="node2" ha="active" uname="node2" crmd="online" join="member" expected="member" in_ccm="true"/>
  </status>
</cib>
