<?xml version="1.0" encoding="UTF-8"?>
<cib admin_epoch="0" epoch="1" num_updates="1" dc-uuid="0" have-quorum="false" remote-tls-port="0" validate-with="pacemaker-1.0">
  <configuration>
    <crm_config><cluster_property_set id="cib-bootstrap-options"><nvpair id="nvpair" name="no-quorum-policy" value="ignore"/><nvpair id="nvpair" name="symmetric-cluster" value="false"/><nvpair name="stonith-enabled" id="nvpair" value="false"/></cluster_property_set></crm_config>
    <nodes>
      <node id="uuid1" uname="node1" type="member"/>
      <node id="uuid2" uname="node2" type="member"/>
    </nodes>
    <resources>
      <clone id="rsc1"><meta_attributes id="clone-rsc1.meta"><nvpair id="notify.meta.auto-25" name="notify" value="1"/><nvpair id="nvpair" name="clone-max" value="2"/><nvpair id="nvpair" name="clone-node-max" value="2"/></meta_attributes><primitive id="child_rsc1" class="heartbeat" type="apache"><meta_attributes id="primitive-child_rsc1.meta"/></primitive></clone>
      <clone id="rsc2"><meta_attributes id="clone-rsc2.meta"><nvpair id="notify.meta.auto-40" name="notify" value="1"/><nvpair id="nvpair" name="clone-max" value="2"/><nvpair id="nvpair" name="clone-node-max" value="2"/></meta_attributes><primitive id="child_rsc2" class="heartbeat" type="apache"><meta_attributes id="primitive-child_rsc2.meta"/></primitive></clone>
    </resources>
    <constraints>
      <rsc_location id="loc1" rsc="rsc1">
	<rule id="score1" score="10">
	  <expression id="expression" attribute="#uname" operation="eq" value="node1"/>
	</rule>
      </rsc_location>
    </constraints>
  </configuration>
  <status>
    <node_state id="uuid1" ha="active" uname="node1" crmd="online" join="member" expected="member" in_ccm="true">
      <lrm id="any">
        <lrm_resources id="lrm_resources">
          <lrm_resource id="rsc1:child_rsc1:0" class="heartbeat" type="apache">
            <lrm_rsc_op id="rsc1-child_rsc1-0_start_0" operation="start" interval="0" op-status="0" crm_feature_set="1.0.6" transition-magic="" rc-code="0" call-id="1" op-digest="f2317cad3d54cec5d7d7aa7d0bf35cf8"/>
	  </lrm_resource>
          <lrm_resource id="rsc2:child_rsc2:0" class="heartbeat" type="apache">
            <lrm_rsc_op id="rsc2-child_rsc2-0_start_0" operation="start" interval="0" op-status="0" crm_feature_set="1.0.6" transition-magic="" rc-code="0" call-id="1" op-digest="f2317cad3d54cec5d7d7aa7d0bf35cf8"/>
	  </lrm_resource>
        </lrm_resources>
      </lrm>
    </node_state>
  </status>
</cib>
