<?xml version="1.0" encoding="UTF-8"?>
<cib admin_epoch="0" epoch="1" num_updates="1" dc-uuid="0" have-quorum="false" remote-tls-port="0" validate-with="pacemaker-1.0">
  <configuration>
    <crm_config><cluster_property_set id="cib-bootstrap-options"><nvpair id="nvpair" name="symetric_cluster" value="false"/><nvpair id="nvpair" name="no-quorum-policy" value="ignore"/><nvpair id="nvpair" name="default-resource-failure-stickiness" value="-INFINITY"/></cluster_property_set></crm_config>
    <nodes>
      <node id="uuid1" uname="node1" type="member"/>
    </nodes>
    <resources>
      <primitive id="rsc1" class="heartbeat" type="apache"><meta_attributes id="primitive-rsc1.meta"/></primitive>
      <primitive id="rsc2" class="heartbeat" type="apache"><meta_attributes id="primitive-rsc2.meta"/></primitive>
      <primitive id="rsc3" class="heartbeat" type="apache"><meta_attributes id="primitive-rsc3.meta"/></primitive>
      <primitive id="rsc4" class="heartbeat" type="apache"><meta_attributes id="primitive-rsc4.meta"/></primitive>
    </resources>
    <constraints>
      <rsc_order id="order1" first="rsc1" then="rsc2" then-action="start" first-action="start" score="INFINITY"/>
      <rsc_order id="order2" first="rsc3" then="rsc4" then-action="start" first-action="start" score="INFINITY"/>
    </constraints>
  </configuration>
  <status>
    <node_state id="uuid1" ha="active" uname="node1" crmd="online" join="member" expected="member" in_ccm="true">
       <transient_attributes id="uuid1">
         <instance_attributes id="instance_attributes"><nvpair id="nvpair" name="fail-count-rsc3" value="1"/></instance_attributes>
       </transient_attributes>
      <lrm id="any">
        <lrm_resources id="lrm_resources">
          <lrm_resource id="rsc1" class="heartbeat" type="apache">
            <lrm_rsc_op id="rsc1_monitor_0" operation="monitor" interval="0" op-status="0" rc-code="7" call-id="2" op-digest="f2317cad3d54cec5d7d7aa7d0bf35cf8" crm_feature_set="1.0.6" transition-magic=""/>
	  </lrm_resource>
          <lrm_resource id="rsc2" class="heartbeat" type="apache">
            <lrm_rsc_op id="rsc2_start_0" operation="start" interval="0" op-status="0" rc-code="0" call-id="1" op-digest="f2317cad3d54cec5d7d7aa7d0bf35cf8" crm_feature_set="1.0.6" transition-magic=""/>
          </lrm_resource>
          <lrm_resource id="rsc3" class="heartbeat" type="apache">
            <lrm_rsc_op id="rsc3_monitor_0" operation="monitor" interval="0" op-status="0" rc-code="7" call-id="1" op-digest="f2317cad3d54cec5d7d7aa7d0bf35cf8" crm_feature_set="1.0.6" transition-magic=""/>
          </lrm_resource>
          <lrm_resource id="rsc4" class="heartbeat" type="apache">
            <lrm_rsc_op id="rsc4_monitor_0" operation="monitor" interval="0" op-status="0" rc-code="0" call-id="2" op-digest="f2317cad3d54cec5d7d7aa7d0bf35cf8" crm_feature_set="1.0.6" transition-magic=""/>
	  </lrm_resource>
        </lrm_resources>
      </lrm>
    </node_state>
  </status>
</cib>
