<?xml version="1.0" encoding="UTF-8"?>
<cib admin_epoch="0" epoch="262" num_updates="8358" dc-uuid="190b75b6-5585-42d9-8cde-eb6041843ae3" have-quorum="false" remote-tls-port="0" validate-with="pacemaker-1.0">
  <configuration>
      <crm_config><cluster_property_set id="cib-bootstrap-options"><nvpair id="nvpair.id21844" name="cluster-delay" value="120s"/><nvpair id="nvpair.id21853" name="symetric_cluster" value="true"/><nvpair id="nvpair.id21862" name="suppress_cib_writes" value="false"/><nvpair id="nvpair.id21872" name="no-quorum-policy" value="stop"/><nvpair id="nvpair.id21881" name="stonith-enabled" value="true"/></cluster_property_set></crm_config>
      <nodes>
        <node id="6125a0df-456a-4395-829a-418e9a380d36" uname="hadev1" type="member"/>
        <node id="190b75b6-5585-42d9-8cde-eb6041843ae3" uname="hadev2" type="member"/>
        <node id="879e65f8-4b38-4c56-9552-4752ad436669" uname="hadev3" type="member"/>
      </nodes>
      <resources>
	<group id="group1">
          <primitive id="child_DoFencing_1" class="stonith" type="ssh">
            <operations>
	      <op name="start" interval="0" id="op.auto-1" requires="nothing"/>
              <op name="monitor" interval="5s" id="op.auto-2" timeout="20s"/>
            </operations>
            <instance_attributes id="instance_attributes.id21958"><nvpair id="nvpair.id21965" name="hostlist" value="hadev1 hadev2 hadev3 "/></instance_attributes>
          <meta_attributes id="primitive-child_DoFencing_1.meta"/></primitive>
          <primitive id="child_DoFencing_2" class="stonith" type="ssh">
            <operations>
              <op name="monitor" interval="5s" id="op.auto-3" timeout="20s"/>
            </operations>
            <instance_attributes id="instance_attributes.id21997"><nvpair id="nvpair.id22003" name="hostlist" value="hadev1 hadev2 hadev3 "/></instance_attributes>
          <meta_attributes id="primitive-child_DoFencing_2.meta"/></primitive>
	<meta_attributes id="group-group1.meta"/></group>
      </resources>
      <constraints>
      </constraints>
    </configuration>
  <status>
    <node_state id="190b75b6-5585-42d9-8cde-eb6041843ae3" uname="hadev2" in_ccm="true" join="member" crmd="online" ha="active" expected="member">
    </node_state>
  </status>
</cib>
