<?xml version="1.0" encoding="UTF-8"?>
<cib admin_epoch="0" epoch="1" num_updates="1" dc-uuid="0" have-quorum="true" remote-tls-port="0" validate-with="pacemaker-1.0">
  <configuration>
    <crm_config><cluster_property_set id="cib-bootstrap-options"><nvpair id="nvpair" name="stonith-enabled" value="true"/><nvpair id="nvpair" name="no-quorum-policy" value="stop"/></cluster_property_set></crm_config>
    <nodes>
      <node id="uuid1" uname="node1" type="member"/>
      <node id="uuid2" uname="node2" type="member"/>
    </nodes>
    <resources>
      <primitive id="rsc1" class="heartbeat" type="apache"><meta_attributes id="primitive-rsc1.meta"/>
	<operations>
	  <op name="stop" interval="0" id="stop-1" on-fail="block"/>
	  <op name="start" interval="0" id="start-1" requires="quorum"/>
	</operations>
      </primitive>
      <primitive id="rsc2" class="heartbeat" type="apache"><meta_attributes id="primitive-rsc2.meta"/>
	<operations>
	  <op name="stop" interval="0" id="stop-2" on-fail="block"/>
	  <op name="start" interval="0" id="start-2" requires="fencing"/>
	</operations>
      </primitive>
      <group id="group1"><meta_attributes id="group-group1.meta"/>
	<primitive id="rsc3" class="heartbeat" type="apache"><meta_attributes id="primitive-rsc3.meta"/>
	  <operations>
	    <op name="start" interval="0" id="op.auto-5" requires="quorum"/>
	  </operations>
	</primitive>
	<primitive id="rsc4" class="heartbeat" type="apache"><meta_attributes id="primitive-rsc4.meta"/></primitive>
      </group>
      <group id="group2"><meta_attributes id="group-group2.meta"/>
	<primitive id="rsc5" class="heartbeat" type="apache"><meta_attributes id="primitive-rsc5.meta"/>
	  <operations>
	    <op name="start" interval="0" id="op.auto-6" requires="fencing"/>
	  </operations>
	</primitive>
	<primitive id="rsc6" class="heartbeat" type="apache"><meta_attributes id="primitive-rsc6.meta"/></primitive>
      </group>
    </resources>
    <constraints/>
  </configuration>
  <status>
    <node_state id="uuid2" ha="active" uname="node2" crmd="online" join="member" expected="member" in_ccm="true"/>
  </status>
</cib>
