<?xml version="1.0" encoding="UTF-8"?>
<cib admin_epoch="0" epoch="1" num_updates="1" dc-uuid="0" have-quorum="false" remote-tls-port="0" validate-with="pacemaker-1.0">
  <configuration>
    <crm_config><cluster_property_set id="cib-bootstrap-options"><nvpair id="nvpair.id21833" name="stonith-enabled" value="false"/><nvpair id="nvpair.id21841" name="no-quorum-policy" value="ignore"/></cluster_property_set></crm_config>
    <nodes>
      <node id="uuid1" uname="node1" type="member"/>
      <node id="uuid2" uname="node2" type="member"/>
    </nodes>
    <resources>
      <primitive id="rsc1" class="heartbeat" type="apache">
	<operations>
	  <op name="stop" interval="0" id="stop-1" on-fail="block"/>
	</operations>
      <meta_attributes id="primitive-rsc1.meta"/></primitive>
      <primitive id="rsc2" class="heartbeat" type="apache">
	<operations>
	  <op name="stop" interval="0" id="stop-2" on-fail="block"/>
	</operations>
      <meta_attributes id="primitive-rsc2.meta"/></primitive>
    </resources>
    <constraints/>
  </configuration>
  <status>
    <node_state id="uuid2" ha="active" uname="node2" crmd="online" join="member" expected="member" in_ccm="true"/>
  </status>
</cib>
