<?xml version="1.0" encoding="UTF-8"?>
<cib admin_epoch="0" epoch="1" num_updates="1" dc-uuid="0" have-quorum="false" remote-tls-port="0" validate-with="pacemaker-1.0">
  <configuration>
    <crm_config><cluster_property_set id="cib-bootstrap-options"><nvpair id="nvpair" name="no-quorum-policy" value="ignore"/></cluster_property_set></crm_config>
    <nodes>
      <node id="node1" uname="node1" type="member"/>
      <node id="node2" uname="node2" type="member"/>
    </nodes>
    <resources>
      <primitive id="rsc1" class="heartbeat" type="apache"><meta_attributes id="primitive-rsc1.meta"/>
        <instance_attributes id="instance_attributes"><nvpair id="nvpair" name="priority" value="1.0"/></instance_attributes>
      </primitive>
      <primitive id="rsc2" class="heartbeat" type="apache"><meta_attributes id="primitive-rsc2.meta"/>
        <instance_attributes id="instance_attributes"><nvpair id="nvpair" name="priority" value="2.0"/></instance_attributes>
      </primitive>
      <primitive id="rsc3" class="heartbeat" type="apache"><meta_attributes id="primitive-rsc3.meta"/>
        <instance_attributes id="instance_attributes"><nvpair id="nvpair" name="priority" value="3.0"/></instance_attributes>
      </primitive>
    </resources>
    <constraints>
      <rsc_colocation id="not_same_1" rsc="rsc1" with-rsc="rsc2" score="-INFINITY"/>
      <rsc_colocation id="not_same_2" rsc="rsc1" with-rsc="rsc3" score="-INFINITY"/>
      <rsc_colocation id="not_same_3" rsc="rsc2" with-rsc="rsc3" score="-INFINITY"/>
    </constraints>
  </configuration>
  <status>
    <node_state id="node1" ha="active" uname="node1" crmd="online" join="member" expected="member" in_ccm="true"/>
    <node_state id="node2" ha="active" uname="node2" crmd="online" join="member" expected="member" in_ccm="true"/>
  </status>
</cib>
