<?xml version="1.0" encoding="UTF-8"?>
<cib admin_epoch="0" epoch="1" num_updates="1" dc-uuid="0" have-quorum="false" remote-tls-port="0" validate-with="pacemaker-1.0">
  <configuration>
    <crm_config><cluster_property_set id="cib-bootstrap-options"><nvpair id="nvpair" name="no-quorum-policy" value="ignore"/></cluster_property_set></crm_config>
    <nodes>
      <node id="node1" uname="node1" type="member"/>
      <node id="node2" uname="node2" type="member"/>
    </nodes>
    <resources>
      <primitive id="rsc1" class="heartbeat" type="apache"><meta_attributes id="primitive-rsc1.meta"/>
        <instance_attributes id="instance_attributes"><nvpair id="nvpair" name="priority" value="1.0"/></instance_attributes>
      </primitive>
      <primitive id="rsc2" class="heartbeat" type="apache"><meta_attributes id="primitive-rsc2.meta"/>
        <instance_attributes id="instance_attributes"><nvpair id="nvpair" name="priority" value="2.0"/></instance_attributes>
      </primitive>
      <primitive id="rsc3" class="heartbeat" type="apache"><meta_attributes id="primitive-rsc3.meta"/>
        <instance_attributes id="instance_attributes"><nvpair id="nvpair" name="priority" value="1.0"/></instance_attributes>
      </primitive>
      <primitive id="rsc4" class="heartbeat" type="apache"><meta_attributes id="primitive-rsc4.meta"/>
        <instance_attributes id="instance_attributes"><nvpair id="nvpair" name="priority" value="2.0"/></instance_attributes>
      </primitive>
    </resources>
    <constraints>
      <rsc_colocation id="same_1_2" rsc="rsc1" with-rsc="rsc2" score="INFINITY"/>
      <rsc_colocation id="same_3_4" rsc="rsc3" with-rsc="rsc4" score="INFINITY"/>
    </constraints>
  </configuration>
  <status>
    <node_state id="node1" ha="active" uname="node1" crmd="online" join="member" expected="member" in_ccm="true">
      <lrm id="any">
        <lrm_resources id="lrm_resources">
          <lrm_resource id="rsc1" class="heartbeat" type="apache">
            <lrm_rsc_op id="rsc1_start_0" operation="start" interval="0" op-status="0" rc-code="0" call-id="1" op-digest="9d52bf4c88392688f8b12775fdbb957a" crm_feature_set="1.0.5" transition-magic=""/>
          </lrm_resource>
        </lrm_resources>
      </lrm>
    </node_state>
    <node_state id="node2" ha="active" uname="node2" crmd="online" join="member" expected="member" in_ccm="true">
      <lrm id="any">
        <lrm_resources id="lrm_resources">
          <lrm_resource id="rsc4" class="heartbeat" type="apache">
            <lrm_rsc_op id="rsc4_start_0" operation="start" interval="0" op-status="0" rc-code="0" call-id="1" op-digest="832a553db174ca6fa88a2fca778f277a" crm_feature_set="1.0.5" transition-magic=""/>
          </lrm_resource>
        </lrm_resources>
      </lrm>
    </node_state>
  </status>
</cib>
